
> conecta-plus@0.1.0 build
> prisma generate && prisma db push --accept-data-loss && next build

Environment variables loaded from .env
Prisma schema loaded from prisma\schema.prisma

Ô£ö Generated Prisma Client (v5.22.0) to .\node_modules\@prisma\client in 201ms

Start by importing your Prisma Client (See: https://pris.ly/d/importing-client)

Tip: Want to turn off tips and other hints? https://pris.ly/tip-4-nohints

Environment variables loaded from .env
Prisma schema loaded from prisma\schema.prisma
Datasource "db": PostgreSQL database "neondb", schema "public" at "ep-winter-fire-adwsfncs-pooler.c-2.us-east-1.aws.neon.tech"

The database is already in sync with the Prisma schema.

Running generate... (Use --skip-generate to skip the generators)
[2K[1A[2K[GRunning generate... - Prisma Client
[2K[1A[2K[GÔ£ö Generated Prisma Client (v5.22.0) to .\node_modules\@prisma\client in 191ms

node.exe :  ÔÜá 
Specified "headers" 
will not 
automatically work 
with "output: 
export". See more 
info here: https://n
extjs.org/docs/messa
ges/export-no-custom
-routes
En línea: 1 
Carácter: 1
+ & "C:\Program File
s\nodejs/node.exe" 
"C:\Program Files\no
dejs/node_mo ...
+ ~~~~~~~~~~~~~~~~~~
~~~~~~~~~~~~~~~~~~~~
~~~~~~~~~~~~~~~~~~~~
~~~~~~~~~~~
    + CategoryInfo  
            : NotS  
  pecified: ( ÔÜá   
  Specified ...o    
-custom-routes:    
String) [], Rem    
oteException
    + FullyQualifie 
   dErrorId : Nati  
  veCommandError
 
 ÔÜá Specified 
"headers" will not 
automatically work 
with "output: 
export". See more 
info here: https://n
extjs.org/docs/messa
ges/export-no-custom
-routes
  Ôû▓ Next.js 14.2.35
  - Environments: .env.local, .env

   Creating an optimized production build ...
 ÔÜá Specified 
"headers" will not 
automatically work 
with "output: 
export". See more 
info here: https://n
extjs.org/docs/messa
ges/export-no-custom
-routes
 ÔÜá Specified 
"headers" will not 
automatically work 
with "output: 
export". See more 
info here: https://n
extjs.org/docs/messa
ges/export-no-custom
-routes
 ÔÜá Specified 
"headers" will not 
automatically work 
with "output: 
export". See more 
info here: https://n
extjs.org/docs/messa
ges/export-no-custom
-routes
 Ô£ô Compiled successfully
   Linting and checking validity of types ...
Failed to compile.

./app/api/songs/uplo
ad/route.ts:15:31
Type error: 
Property 'get' does 
not exist on type 
'FormData'.

[0m [90m 13 
|[39m[0m
[0m [90m 14 
|[39m         
[36mconst[39m 
formData 
[33m=[39m 
[36mawait[39m req
[33m.[39mformData()
[33m;[39m[0m
[0m[31m[1m>[22m
[39m[90m 15 |[39m 
        
[36mconst[39m 
file [33m=[39m for
mData[33m.[39m[36
mget[39m([32m"file
"[39m) 
[36mas[39m [33mFi
le[39m[33m;[39m[
0m
[0m [90m    
|[39m              
                 [3
1m[1m^[22m[39m[0
m
[0m [90m 16 
|[39m         
[36mconst[39m 
title [33m=[39m fo
rmData[33m.[39m[3
6mget[39m([32m"tit
le"[39m) 
[36mas[39m string
[33m;[39m[0m
[0m [90m 17 
|[39m         
[36mconst[39m 
artist [33m=[39m f
ormData[33m.[39m[
36mget[39m([32m"ar
tist"[39m) 
[36mas[39m string
[33m;[39m[0m
[0m [90m 18 
|[39m[0m
Next.js build 
worker exited with 
code: 1 and signal: 
null
